[     152ms] [INFO] %cDownload the React DevTools for a better development experience: https://reactjs.org/link/react-devtools font-weight:bold @ https://localhost:4175/node_modules/.vite/deps/chunk-YZVM2MHU.js?v=23b09c5a:21550
[  936091ms] [ERROR] Failed to load resource: the server responded with a status of 500 (Internal Server Error) @ https://localhost:4175/@fs/D:/My%20Projects/V4Ideas/templates/react/ideali-membership/src/pages/MembershipRegisterPage/MembershipRegisterWizard.tsx?t=1778004656173:0
[  936092ms] [ERROR] [hmr] Failed to reload /@fs/D:\My Projects\V4Ideas\templates\react\ideali-membership\src\pages\MembershipRegisterPage\MembershipRegisterWizard.tsx. This could be due to syntax errors or importing non-existent modules. (see errors above) @ https://localhost:4175/@vite/client:175
[  992211ms] [ERROR] Failed to load resource: the server responded with a status of 500 (Internal Server Error) @ https://localhost:4175/@fs/D:/My%20Projects/V4Ideas/templates/react/ideali-membership/src/pages/MembershipRegisterPage/MembershipRegisterWizard.tsx?t=1778004712328:0
[  992211ms] [ERROR] [hmr] Failed to reload /@fs/D:\My Projects\V4Ideas\templates\react\ideali-membership\src\pages\MembershipRegisterPage\MembershipRegisterWizard.tsx. This could be due to syntax errors or importing non-existent modules. (see errors above) @ https://localhost:4175/@vite/client:175
[ 1017052ms] [ERROR] Failed to load resource: the server responded with a status of 500 (Internal Server Error) @ https://localhost:4175/@fs/D:/My%20Projects/V4Ideas/templates/react/ideali-membership/src/pages/MembershipRegisterPage/MembershipRegisterWizard.tsx?t=1778004737171:0
[ 1017057ms] [ERROR] [hmr] Failed to reload /@fs/D:\My Projects\V4Ideas\templates\react\ideali-membership\src\pages\MembershipRegisterPage\MembershipRegisterWizard.tsx. This could be due to syntax errors or importing non-existent modules. (see errors above) @ https://localhost:4175/@vite/client:175
[ 1039619ms] [ERROR] Failed to load resource: the server responded with a status of 500 (Internal Server Error) @ https://localhost:4175/src/pages/MembershipRegisterPage/MembershipRegisterWizard.tsx?t=1778004737171:0
[ 1079764ms] [ERROR] Failed to load resource: the server responded with a status of 500 (Internal Server Error) @ https://localhost:4175/src/pages/MembershipRegisterPage/MembershipRegisterWizard.tsx?t=1778004737171:0
[ 1079954ms] [ERROR] Failed to load resource: the server responded with a status of 500 (Internal Server Error) @ https://localhost:4175/src/pages/MembershipRegisterPage/MembershipRegisterWizard.tsx?t=1778004737171:0
[ 1090035ms] [ERROR] Failed to load resource: the server responded with a status of 500 (Internal Server Error) @ https://localhost:4175/src/pages/MembershipRegisterPage/MembershipRegisterWizard.tsx?t=1778004809935:0
[ 1095761ms] [ERROR] Failed to load resource: the server responded with a status of 500 (Internal Server Error) @ https://localhost:4175/src/pages/MembershipRegisterPage/MembershipRegisterWizard.tsx?t=1778004809935:0
[ 1095943ms] [ERROR] Failed to load resource: the server responded with a status of 500 (Internal Server Error) @ https://localhost:4175/src/pages/MembershipRegisterPage/MembershipRegisterWizard.tsx?t=1778004809935:0
[ 1120385ms] [ERROR] Failed to load resource: the server responded with a status of 500 (Internal Server Error) @ https://localhost:4175/src/pages/MembershipRegisterPage/MembershipRegisterWizard.tsx?t=1778004840270:0
[ 1125327ms] [ERROR] Failed to load resource: the server responded with a status of 500 (Internal Server Error) @ https://localhost:4175/src/pages/MembershipRegisterPage/MembershipRegisterWizard.tsx?t=1778004840270:0
[ 1125529ms] [ERROR] Failed to load resource: the server responded with a status of 500 (Internal Server Error) @ https://localhost:4175/src/pages/MembershipRegisterPage/MembershipRegisterWizard.tsx?t=1778004840270:0
[ 1136589ms] [ERROR] Failed to load resource: the server responded with a status of 500 (Internal Server Error) @ https://localhost:4175/src/pages/MembershipRegisterPage/MembershipRegisterWizard.tsx?t=1778004856503:0
[ 1145255ms] [ERROR] Failed to load resource: the server responded with a status of 500 (Internal Server Error) @ https://localhost:4175/src/pages/MembershipRegisterPage/MembershipRegisterWizard.tsx?t=1778004865170:0
[ 1150049ms] [ERROR] Failed to load resource: the server responded with a status of 500 (Internal Server Error) @ https://localhost:4175/src/pages/MembershipRegisterPage/MembershipRegisterWizard.tsx?t=1778004865170:0
[ 1150240ms] [ERROR] Failed to load resource: the server responded with a status of 500 (Internal Server Error) @ https://localhost:4175/src/pages/MembershipRegisterPage/MembershipRegisterWizard.tsx?t=1778004865170:0
[ 1165706ms] [INFO] %cDownload the React DevTools for a better development experience: https://reactjs.org/link/react-devtools font-weight:bold @ https://localhost:4175/node_modules/.vite/deps/chunk-YZVM2MHU.js?v=23b09c5a:21550
[ 1174001ms] [INFO] %cDownload the React DevTools for a better development experience: https://reactjs.org/link/react-devtools font-weight:bold @ https://localhost:4175/node_modules/.vite/deps/chunk-YZVM2MHU.js?v=23b09c5a:21550
[ 1274179ms] [INFO] %cDownload the React DevTools for a better development experience: https://reactjs.org/link/react-devtools font-weight:bold @ https://localhost:4175/node_modules/.vite/deps/chunk-YZVM2MHU.js?v=23b09c5a:21550
[ 1288305ms] [LOG] [vite] server connection lost. Polling for restart... @ https://localhost:4175/@vite/client:559
[ 1289532ms] [INFO] %cDownload the React DevTools for a better development experience: https://reactjs.org/link/react-devtools font-weight:bold @ https://localhost:4175/node_modules/.vite/deps/chunk-YZVM2MHU.js?v=23b09c5a:21550
[ 1296188ms] [LOG] [vite] server connection lost. Polling for restart... @ https://localhost:4175/@vite/client:559
[ 1297241ms] [INFO] %cDownload the React DevTools for a better development experience: https://reactjs.org/link/react-devtools font-weight:bold @ https://localhost:4175/node_modules/.vite/deps/chunk-YZVM2MHU.js?v=23b09c5a:21550
[ 1529051ms] [INFO] %cDownload the React DevTools for a better development experience: https://reactjs.org/link/react-devtools font-weight:bold @ https://localhost:4175/node_modules/.vite/deps/chunk-YZVM2MHU.js?v=23b09c5a:21550
[ 1583967ms] [INFO] %cDownload the React DevTools for a better development experience: https://reactjs.org/link/react-devtools font-weight:bold @ https://localhost:4175/node_modules/.vite/deps/chunk-YZVM2MHU.js?v=23b09c5a:21550
[ 1706141ms] [INFO] %cDownload the React DevTools for a better development experience: https://reactjs.org/link/react-devtools font-weight:bold @ https://localhost:4175/node_modules/.vite/deps/chunk-YZVM2MHU.js?v=23b09c5a:21550
[ 1868084ms] [INFO] %cDownload the React DevTools for a better development experience: https://reactjs.org/link/react-devtools font-weight:bold @ https://localhost:4175/node_modules/.vite/deps/chunk-YZVM2MHU.js?v=23b09c5a:21550
[ 1906676ms] [INFO] %cDownload the React DevTools for a better development experience: https://reactjs.org/link/react-devtools font-weight:bold @ https://localhost:4175/node_modules/.vite/deps/chunk-YZVM2MHU.js?v=23b09c5a:21550
[ 1951782ms] [INFO] %cDownload the React DevTools for a better development experience: https://reactjs.org/link/react-devtools font-weight:bold @ https://localhost:4175/node_modules/.vite/deps/chunk-YZVM2MHU.js?v=23b09c5a:21550
[ 2032340ms] [INFO] %cDownload the React DevTools for a better development experience: https://reactjs.org/link/react-devtools font-weight:bold @ https://localhost:4175/node_modules/.vite/deps/chunk-YZVM2MHU.js?v=23b09c5a:21550
[ 2129265ms] [INFO] %cDownload the React DevTools for a better development experience: https://reactjs.org/link/react-devtools font-weight:bold @ https://localhost:4175/node_modules/.vite/deps/chunk-YZVM2MHU.js?v=23b09c5a:21550
[ 2240958ms] [INFO] %cDownload the React DevTools for a better development experience: https://reactjs.org/link/react-devtools font-weight:bold @ https://localhost:4175/node_modules/.vite/deps/chunk-YZVM2MHU.js?v=23b09c5a:21550
[ 2354698ms] [INFO] %cDownload the React DevTools for a better development experience: https://reactjs.org/link/react-devtools font-weight:bold @ https://localhost:4175/node_modules/.vite/deps/chunk-YZVM2MHU.js?v=23b09c5a:21550
[ 2633075ms] [INFO] %cDownload the React DevTools for a better development experience: https://reactjs.org/link/react-devtools font-weight:bold @ https://localhost:4175/node_modules/.vite/deps/chunk-YZVM2MHU.js?v=23b09c5a:21550
[ 2726813ms] [INFO] %cDownload the React DevTools for a better development experience: https://reactjs.org/link/react-devtools font-weight:bold @ https://localhost:4175/node_modules/.vite/deps/chunk-YZVM2MHU.js?v=23b09c5a:21550
[ 2781565ms] [INFO] %cDownload the React DevTools for a better development experience: https://reactjs.org/link/react-devtools font-weight:bold @ https://localhost:4175/node_modules/.vite/deps/chunk-YZVM2MHU.js?v=23b09c5a:21550
[ 2980999ms] [INFO] %cDownload the React DevTools for a better development experience: https://reactjs.org/link/react-devtools font-weight:bold @ https://localhost:4175/node_modules/.vite/deps/chunk-YZVM2MHU.js?v=23b09c5a:21550
[ 3060259ms] [INFO] %cDownload the React DevTools for a better development experience: https://reactjs.org/link/react-devtools font-weight:bold @ https://localhost:4175/node_modules/.vite/deps/chunk-YZVM2MHU.js?v=23b09c5a:21550
[ 3104155ms] [INFO] %cDownload the React DevTools for a better development experience: https://reactjs.org/link/react-devtools font-weight:bold @ https://localhost:4175/node_modules/.vite/deps/chunk-YZVM2MHU.js?v=23b09c5a:21550
[ 3140402ms] [INFO] %cDownload the React DevTools for a better development experience: https://reactjs.org/link/react-devtools font-weight:bold @ https://localhost:4175/node_modules/.vite/deps/chunk-YZVM2MHU.js?v=23b09c5a:21550
[ 3220670ms] [INFO] %cDownload the React DevTools for a better development experience: https://reactjs.org/link/react-devtools font-weight:bold @ https://localhost:4175/node_modules/.vite/deps/chunk-YZVM2MHU.js?v=23b09c5a:21550
[ 3352132ms] [INFO] %cDownload the React DevTools for a better development experience: https://reactjs.org/link/react-devtools font-weight:bold @ https://localhost:4175/node_modules/.vite/deps/chunk-YZVM2MHU.js?v=23b09c5a:21550
[ 8510575ms] [ERROR] Failed to load resource: the server responded with a status of 404 () @ https://localhost:7163/api/contact-prefixes:0
[ 8510670ms] [VERBOSE] [DOM] Input elements should have autocomplete attributes (suggested: "new-password"): (More info: https://goo.gl/9p2vKq) %o @ https://localhost:4175/membership/52613c9a-ad49-4a8d-bf09-fe8b227f12e7/register:0
[ 8510670ms] [VERBOSE] [DOM] Input elements should have autocomplete attributes (suggested: "new-password"): (More info: https://goo.gl/9p2vKq) %o @ https://localhost:4175/membership/52613c9a-ad49-4a8d-bf09-fe8b227f12e7/register:0
